                                 The SAS System                                1
                                             Thursday, July  1, 2021 07:52:00 PM

                              The MEANS Procedure

                                               Lower                       Upper
Variable            Mean       Std Dev      Quartile        Median      Quartile
--------------------------------------------------------------------------------
PTBI_AHEAD     0.1028219     0.1700459     0.0288661     0.1000857     0.1827286
PTBI           0.1244973     0.0945593     0.0565638     0.1037520     0.1666390
PTCF           0.1340165     0.1159918     0.0651391     0.1284253     0.1993879
PTACC         -0.0087298     0.0957502    -0.0641520    -0.0221238     0.0313575
DTE            0.0028156     0.0384362    -0.0117274             0     0.0184992
AVETA            1132.41       3541.01    46.7170000   148.8540000   559.1100000
--------------------------------------------------------------------------------
                                 The SAS System                                2
                                             Thursday, July  1, 2021 07:52:00 PM

                               The CORR Procedure

   5 With Variables:    PTBI_AHEAD PTBI       PTCF       PTACC      DTE        
   5      Variables:    PTBI_AHEAD PTBI       PTCF       PTACC      DTE        


                               Simple Statistics
 
Variable           N        Mean     Std Dev      Median     Minimum     Maximum

PTBI_AHEAD     17205     0.10282     0.17005     0.10009    -0.51813     0.63145
PTBI           18510     0.12450     0.09456     0.10375     0.00353     0.51327
PTCF           17642     0.13402     0.11599     0.12843    -0.19131     0.48290
PTACC          17642    -0.00873     0.09575    -0.02212    -0.22797     0.37315
DTE            17737     0.00282     0.03844           0    -0.14556     0.13689


                       Pearson Correlation Coefficients 
                          Prob > |r| under H0: Rho=0 
                             Number of Observations
 
                   PTBI_
                   AHEAD          PTBI          PTCF         PTACC           DTE

PTBI_AHEAD       1.00000       0.47756       0.44640      -0.05150      -0.08922
                                <.0001        <.0001        <.0001        <.0001
                   17205         17205         16409         16409         16504

PTBI             0.47756       1.00000       0.57156       0.23833      -0.01852
                  <.0001                      <.0001        <.0001        0.0136
                   17205         18510         17642         17642         17737

PTCF             0.44640       0.57156       1.00000      -0.64445      -0.04714
                  <.0001        <.0001                      <.0001        <.0001
                   16409         17642         17642         17642         17016

PTACC           -0.05150       0.23833      -0.64445       1.00000       0.02873
                  <.0001        <.0001        <.0001                      0.0002
                   16409         17642         17642         17642         17016

DTE             -0.08922      -0.01852      -0.04714       0.02873       1.00000
                  <.0001        0.0136        <.0001        0.0002              
                   16504         17737         17016         17016         17737


                       Spearman Correlation Coefficients 
                          Prob > |r| under H0: Rho=0 
                             Number of Observations
 
                   PTBI_
                   AHEAD          PTBI          PTCF         PTACC           DTE

PTBI_AHEAD       1.00000       0.58534       0.46873      -0.01493      -0.10056
                                <.0001        <.0001        0.0558        <.0001
                   17205         17205         16409         16409         16504

PTBI             0.58534       1.00000       0.58397       0.17037      -0.04042
                  <.0001                      <.0001        <.0001        <.0001
                   17205         18510         17642         17642         17737

PTCF             0.46873       0.58397       1.00000      -0.62181      -0.04465
                  <.0001        <.0001                      <.0001        <.0001
                   16409         17642         17642         17642         17016

PTACC           -0.01493       0.17037      -0.62181       1.00000      -0.00960
                  0.0558        <.0001        <.0001                      0.2106
                   16409         17642         17642         17642         17016

DTE             -0.10056      -0.04042      -0.04465      -0.00960       1.00000
                  <.0001        <.0001        <.0001        0.2106              
                   16504         17737         17016         17016         17737
