                                 The SAS System                                1
                                             Thursday, July  8, 2021 08:28:00 PM

                               The REG Procedure
                                 Model: MODEL1
                        Dependent Variable: PTBI_AHEAD 

                    Number of Observations Read       10032
                    Number of Observations Used       10032


                              Analysis of Variance
 
                                     Sum of           Mean
 Source                   DF        Squares         Square    F Value    Pr > F

 Model                     2       96.41338       48.20669    3012.88    <.0001
 Error                 10029      160.46593        0.01600                     
 Corrected Total       10031      256.87931                                    


              Root MSE              0.12649    R-Square     0.3753
              Dependent Mean        0.13293    Adj R-Sq     0.3752
              Coeff Var            95.15546                       


                              Parameter Estimates
 
                           Parameter       Standard
     Variable      DF       Estimate          Error    t Value    Pr > |t|

     Intercept      1       -0.01871        0.00233      -8.03      <.0001
     PTCF           1        1.05275        0.01356      77.62      <.0001
     PTACC          1        0.82526        0.01695      48.69      <.0001
                                 The SAS System                                2
                                             Thursday, July  8, 2021 08:28:00 PM

                               The REG Procedure
                                 Model: MODEL1
                        Dependent Variable: PTBI_AHEAD 

                    Number of Observations Read       10032
                    Number of Observations Used       10032


                              Analysis of Variance
 
                                     Sum of           Mean
 Source                   DF        Squares         Square    F Value    Pr > F

 Model                     8       97.76050       12.22006     769.75    <.0001
 Error                 10023      159.11881        0.01588                     
 Corrected Total       10031      256.87931                                    


              Root MSE              0.12600    R-Square     0.3806
              Dependent Mean        0.13293    Adj R-Sq     0.3801
              Coeff Var            94.78356                       


                              Parameter Estimates
 
                           Parameter       Standard
     Variable      DF       Estimate          Error    t Value    Pr > |t|

     Intercept      1       -0.02035        0.00297      -6.85      <.0001
     IS_LNBTD       1        0.01223        0.00597       2.05      0.0405
     IS_LPBTD       1     0.00000810        0.00645       0.00      0.9990
     PTCF           1        1.07724        0.01848      58.28      <.0001
     LN_PTCF        1       -0.01771        0.03156      -0.56      0.5746
     LP_PTCF        1       -0.13331        0.03816      -3.49      0.0005
     PTACC          1        0.89118        0.02356      37.83      <.0001
     LN_PTACC       1       -0.07612        0.03867      -1.97      0.0490
     LP_PTACC       1       -0.26767        0.04649      -5.76      <.0001
