                                 The SAS System                                1
                                             Saturday, June 26, 2021 08:36:00 PM

                              The MEANS Procedure

                                               Lower                       Upper
Variable            Mean       Std Dev      Quartile        Median      Quartile
--------------------------------------------------------------------------------
PTBI_AHEAD     0.1575702     0.1235976     0.0709635     0.1287020     0.2068773
PTBI           0.1328636     0.0913935     0.0676364     0.1152780     0.1759330
PTCF           0.1484830     0.1119218     0.0789220     0.1408198     0.2105083
PTACC         -0.0144447     0.0856305    -0.0647505    -0.0242835     0.0254227
AVETA            1291.38       3984.26    54.1930000   170.7260000   633.7000000
DTE            0.0023570     0.0364412    -0.0120313   0.000271986     0.0180834
--------------------------------------------------------------------------------
                                 The SAS System                                2
                                             Saturday, June 26, 2021 08:36:00 PM

                               The CORR Procedure

   5 With Variables:    PTBI_AHEAD PTBI       PTCF       PTACC      DTE        
   5      Variables:    PTBI_AHEAD PTBI       PTCF       PTACC      DTE        


                               Simple Statistics
 
Variable           N        Mean     Std Dev      Median     Minimum     Maximum

PTBI_AHEAD     13284     0.15757     0.12360     0.12870     0.00546     0.66325
PTBI           13284     0.13286     0.09139     0.11528     0.00567     0.47838
PTCF           12808     0.14848     0.11192     0.14082    -0.14589     0.49484
PTACC          12808    -0.01444     0.08563    -0.02428    -0.22513     0.28590
DTE            12809     0.00236     0.03644   0.0002720    -0.14222     0.11887


                       Pearson Correlation Coefficients 
                          Prob > |r| under H0: Rho=0 
                             Number of Observations
 
                   PTBI_
                   AHEAD          PTBI          PTCF         PTACC           DTE

PTBI_AHEAD       1.00000       0.69381       0.48673       0.10256      -0.13716
                                <.0001        <.0001        <.0001        <.0001
                   13284         13284         12808         12808         12809

PTBI             0.69381       1.00000       0.64193       0.20429      -0.04830
                  <.0001                      <.0001        <.0001        <.0001
                   13284         13284         12808         12808         12809

PTCF             0.48673       0.64193       1.00000      -0.60766      -0.04565
                  <.0001        <.0001                      <.0001        <.0001
                   12808         12808         12808         12808         12408

PTACC            0.10256       0.20429      -0.60766       1.00000       0.00160
                  <.0001        <.0001        <.0001                      0.8585
                   12808         12808         12808         12808         12408

DTE             -0.13716      -0.04830      -0.04565       0.00160       1.00000
                  <.0001        <.0001        <.0001        0.8585              
                   12809         12809         12408         12408         12809


                       Spearman Correlation Coefficients 
                          Prob > |r| under H0: Rho=0 
                             Number of Observations
 
                   PTBI_
                   AHEAD          PTBI          PTCF         PTACC           DTE

PTBI_AHEAD       1.00000       0.68256       0.48720       0.06308      -0.13872
                                <.0001        <.0001        <.0001        <.0001
                   13284         13284         12808         12808         12809

PTBI             0.68256       1.00000       0.62033       0.17020      -0.05760
                  <.0001                      <.0001        <.0001        <.0001
                   13284         13284         12808         12808         12809

PTCF             0.48720       0.62033       1.00000      -0.59068      -0.04673
                  <.0001        <.0001                      <.0001        <.0001
                   12808         12808         12808         12808         12408

PTACC            0.06308       0.17020      -0.59068       1.00000      -0.01519
                  <.0001        <.0001        <.0001                      0.0907
                   12808         12808         12808         12808         12408

DTE             -0.13872      -0.05760      -0.04673      -0.01519       1.00000
                  <.0001        <.0001        <.0001        0.0907              
                   12809         12809         12408         12408         12809
