                                 The SAS System                                1
                                             Thursday, July  8, 2021 08:24:00 PM

                               The REG Procedure
                                 Model: MODEL1
                        Dependent Variable: PTBI_AHEAD 

                    Number of Observations Read       10032
                    Number of Observations Used       10032


                              Analysis of Variance
 
                                     Sum of           Mean
 Source                   DF        Squares         Square    F Value    Pr > F

 Model                     1       93.42500       93.42500    5732.81    <.0001
 Error                 10030      163.45431        0.01630                     
 Corrected Total       10031      256.87931                                    


              Root MSE              0.12766    R-Square     0.3637
              Dependent Mean        0.13293    Adj R-Sq     0.3636
              Coeff Var            96.03263                       


                              Parameter Estimates
 
                           Parameter       Standard
     Variable      DF       Estimate          Error    t Value    Pr > |t|

     Intercept      1       -0.01009        0.00228      -4.43      <.0001
     PTBI           1        1.01189        0.01336      75.72      <.0001
                                 The SAS System                                2
                                             Thursday, July  8, 2021 08:24:00 PM

                               The REG Procedure
                                 Model: MODEL1
                        Dependent Variable: PTBI_AHEAD 

                    Number of Observations Read       10032
                    Number of Observations Used       10032


                              Analysis of Variance
 
                                     Sum of           Mean
 Source                   DF        Squares         Square    F Value    Pr > F

 Model                     5       94.81341       18.96268    1173.10    <.0001
 Error                 10026      162.06590        0.01616                     
 Corrected Total       10031      256.87931                                    


              Root MSE              0.12714    R-Square     0.3691
              Dependent Mean        0.13293    Adj R-Sq     0.3688
              Coeff Var            95.64298                       


                              Parameter Estimates
 
                           Parameter       Standard
     Variable      DF       Estimate          Error    t Value    Pr > |t|

     Intercept      1       -0.01678        0.00293      -5.72      <.0001
     IS_LNBTD       1        0.02500        0.00577       4.34      <.0001
     IS_LPBTD       1        0.01400        0.00623       2.25      0.0247
     PTBI           1        1.06553        0.01839      57.95      <.0001
     LN_PTBI        1       -0.07963        0.03082      -2.58      0.0098
     LP_PTBI        1       -0.20886        0.03725      -5.61      <.0001
